---
source: tests\fixtures\causal-laws\event_bridge.rad
exit_code: 0
---
80
Health of hero = { hp: 80 }   (set in frame 1)

  <- resolver `ResolveDamage`
     intent: Damage
     key: hero

     <- proposal Damage { target: hero, source: attacker, amount: 20 }
        proposed by law `DirectHit` at line 10

     settlement origin:
  <- by `on CombatFrame` handler
  <- CombatFrame { source: attacker, target: hero } emitted in frame 0
  <- by top-level code
